Archive member included because of file (symbol)

c:/program files (x86)/atmel/atmel toolchain/avr8 gcc/native/3.4.1061/avr8-gnu-toolchain/bin/../lib/gcc/avr/4.8.1/avr5\libgcc.a(_udivmodsi4.o)
                              main.o (__udivmodsi4)
c:/program files (x86)/atmel/atmel toolchain/avr8 gcc/native/3.4.1061/avr8-gnu-toolchain/bin/../lib/gcc/avr/4.8.1/avr5\libgcc.a(_exit.o)
                              c:/program files (x86)/atmel/atmel toolchain/avr8 gcc/native/3.4.1061/avr8-gnu-toolchain/bin/../lib/gcc/avr/4.8.1/../../../../avr/lib/avr5/crtm32u4.o (exit)
c:/program files (x86)/atmel/atmel toolchain/avr8 gcc/native/3.4.1061/avr8-gnu-toolchain/bin/../lib/gcc/avr/4.8.1/avr5\libgcc.a(_tablejump.o)
                              LUFA/Drivers/USB/Class/Common/HIDParser.o (__tablejump2__)
c:/program files (x86)/atmel/atmel toolchain/avr8 gcc/native/3.4.1061/avr8-gnu-toolchain/bin/../lib/gcc/avr/4.8.1/avr5\libgcc.a(_copy_data.o)
                              LUFA/Drivers/USB/Class/Device/CDCClassDevice.o (__do_copy_data)
c:/program files (x86)/atmel/atmel toolchain/avr8 gcc/native/3.4.1061/avr8-gnu-toolchain/bin/../lib/gcc/avr/4.8.1/avr5\libgcc.a(_clear_bss.o)
                              LUFA/Drivers/Peripheral/AVR8/Serial_AVR8.o (__do_clear_bss)
c:/program files (x86)/atmel/atmel toolchain/avr8 gcc/native/3.4.1061/avr8-gnu-toolchain/bin/../lib/gcc/avr/4.8.1/../../../../avr/lib/avr5\libc.a(memcpy_P.o)
                              LUFA/Drivers/USB/Class/Device/RNDISClassDevice.o (memcpy_P)
c:/program files (x86)/atmel/atmel toolchain/avr8 gcc/native/3.4.1061/avr8-gnu-toolchain/bin/../lib/gcc/avr/4.8.1/../../../../avr/lib/avr5\libc.a(memcmp.o)
                              LUFA/Drivers/USB/Class/Device/HIDClassDevice.o (memcmp)
c:/program files (x86)/atmel/atmel toolchain/avr8 gcc/native/3.4.1061/avr8-gnu-toolchain/bin/../lib/gcc/avr/4.8.1/../../../../avr/lib/avr5\libc.a(memcpy.o)
                              LUFA/Drivers/USB/Class/Device/HIDClassDevice.o (memcpy)
c:/program files (x86)/atmel/atmel toolchain/avr8 gcc/native/3.4.1061/avr8-gnu-toolchain/bin/../lib/gcc/avr/4.8.1/../../../../avr/lib/avr5\libc.a(memset.o)
                              LUFA/Drivers/USB/Class/Device/HIDClassDevice.o (memset)
c:/program files (x86)/atmel/atmel toolchain/avr8 gcc/native/3.4.1061/avr8-gnu-toolchain/bin/../lib/gcc/avr/4.8.1/../../../../avr/lib/avr5\libc.a(iob.o)
                              LUFA/Drivers/Peripheral/AVR8/Serial_AVR8.o (__iob)
c:/program files (x86)/atmel/atmel toolchain/avr8 gcc/native/3.4.1061/avr8-gnu-toolchain/bin/../lib/gcc/avr/4.8.1/../../../../avr/lib/avr5\libc.a(printf.o)
                              main.o (printf)
c:/program files (x86)/atmel/atmel toolchain/avr8 gcc/native/3.4.1061/avr8-gnu-toolchain/bin/../lib/gcc/avr/4.8.1/../../../../avr/lib/avr5\libc.a(vfprintf_std.o)
                              c:/program files (x86)/atmel/atmel toolchain/avr8 gcc/native/3.4.1061/avr8-gnu-toolchain/bin/../lib/gcc/avr/4.8.1/../../../../avr/lib/avr5\libc.a(printf.o) (vfprintf)
c:/program files (x86)/atmel/atmel toolchain/avr8 gcc/native/3.4.1061/avr8-gnu-toolchain/bin/../lib/gcc/avr/4.8.1/../../../../avr/lib/avr5\libc.a(eerd_byte_atmega32u4.o)
                              LUFA/Drivers/USB/Core/AVR8/EndpointStream_AVR8.o (__eerd_byte_m32u4)
c:/program files (x86)/atmel/atmel toolchain/avr8 gcc/native/3.4.1061/avr8-gnu-toolchain/bin/../lib/gcc/avr/4.8.1/../../../../avr/lib/avr5\libc.a(eeupd_byte_atmega32u4.o)
                              LUFA/Drivers/USB/Core/AVR8/EndpointStream_AVR8.o (__eeupd_byte_m32u4)
c:/program files (x86)/atmel/atmel toolchain/avr8 gcc/native/3.4.1061/avr8-gnu-toolchain/bin/../lib/gcc/avr/4.8.1/../../../../avr/lib/avr5\libc.a(strnlen_P.o)
                              c:/program files (x86)/atmel/atmel toolchain/avr8 gcc/native/3.4.1061/avr8-gnu-toolchain/bin/../lib/gcc/avr/4.8.1/../../../../avr/lib/avr5\libc.a(vfprintf_std.o) (strnlen_P)
c:/program files (x86)/atmel/atmel toolchain/avr8 gcc/native/3.4.1061/avr8-gnu-toolchain/bin/../lib/gcc/avr/4.8.1/../../../../avr/lib/avr5\libc.a(strnlen.o)
                              c:/program files (x86)/atmel/atmel toolchain/avr8 gcc/native/3.4.1061/avr8-gnu-toolchain/bin/../lib/gcc/avr/4.8.1/../../../../avr/lib/avr5\libc.a(vfprintf_std.o) (strnlen)
c:/program files (x86)/atmel/atmel toolchain/avr8 gcc/native/3.4.1061/avr8-gnu-toolchain/bin/../lib/gcc/avr/4.8.1/../../../../avr/lib/avr5\libc.a(fputc.o)
                              c:/program files (x86)/atmel/atmel toolchain/avr8 gcc/native/3.4.1061/avr8-gnu-toolchain/bin/../lib/gcc/avr/4.8.1/../../../../avr/lib/avr5\libc.a(vfprintf_std.o) (fputc)
c:/program files (x86)/atmel/atmel toolchain/avr8 gcc/native/3.4.1061/avr8-gnu-toolchain/bin/../lib/gcc/avr/4.8.1/../../../../avr/lib/avr5\libc.a(ultoa_invert.o)
[...]
Memory Configuration

Name             Origin             Length             Attributes
text             0x00000000         0x00020000         xr
data             0x00800060         0x0000ffa0         rw !x
eeprom           0x00810000         0x00010000         rw !x
fuse             0x00820000         0x00000400         rw !x
lock             0x00830000         0x00000400         rw !x
signature        0x00840000         0x00000400         rw !x
user_signatures  0x00850000         0x00000400         rw !x
*default*        0x00000000         0xffffffff

Linker script and memory map

Address of section .data set to 0x800100
LOAD c:/program files (x86)/atmel/atmel toolchain/avr8 gcc/native/3.4.1061/avr8-gnu-toolchain/bin/../lib/gcc/avr/4.8.1/../../../../avr/lib/avr5/crtm32u4.o
LOAD Descriptors.o
LOAD LUFA/Drivers/Board/Temperature.o
LOAD LUFA/Drivers/Peripheral/AVR8/Serial_AVR8.o
LOAD LUFA/Drivers/Peripheral/AVR8/TWI_AVR8.o
LOAD LUFA/Drivers/Peripheral/XMEGA/Serial_XMEGA.o
LOAD LUFA/Drivers/Peripheral/XMEGA/TWI_XMEGA.o
LOAD LUFA/Drivers/USB/Class/Common/HIDParser.o
LOAD LUFA/Drivers/USB/Class/Device/AudioClassDevice.o
LOAD LUFA/Drivers/USB/Class/Device/CDCClassDevice.o
LOAD LUFA/Drivers/USB/Class/Device/HIDClassDevice.o
LOAD LUFA/Drivers/USB/Class/Device/MassStorageClassDevice.o
LOAD LUFA/Drivers/USB/Class/Device/MIDIClassDevice.o
LOAD LUFA/Drivers/USB/Class/Device/PrinterClassDevice.o
LOAD LUFA/Drivers/USB/Class/Device/RNDISClassDevice.o
LOAD LUFA/Drivers/USB/Class/Host/AndroidAccessoryClassHost.o
LOAD LUFA/Drivers/USB/Class/Host/AudioClassHost.o
LOAD LUFA/Drivers/USB/Class/Host/CDCClassHost.o
LOAD LUFA/Drivers/USB/Class/Host/HIDClassHost.o
LOAD LUFA/Drivers/USB/Class/Host/MassStorageClassHost.o
LOAD LUFA/Drivers/USB/Class/Host/MIDIClassHost.o
LOAD LUFA/Drivers/USB/Class/Host/PrinterClassHost.o
LOAD LUFA/Drivers/USB/Class/Host/RNDISClassHost.o
LOAD LUFA/Drivers/USB/Class/Host/StillImageClassHost.o
LOAD LUFA/Drivers/USB/Core/AVR8/Device_AVR8.o
LOAD LUFA/Drivers/USB/Core/AVR8/EndpointStream_AVR8.o
LOAD LUFA/Drivers/USB/Core/AVR8/Endpoint_AVR8.o
LOAD LUFA/Drivers/USB/Core/AVR8/Host_AVR8.o
LOAD LUFA/Drivers/USB/Core/AVR8/PipeStream_AVR8.o
LOAD LUFA/Drivers/USB/Core/AVR8/Pipe_AVR8.o
LOAD LUFA/Drivers/USB/Core/AVR8/Template/Template_Endpoint_Control_R.o
LOAD LUFA/Drivers/USB/Core/AVR8/Template/Template_Endpoint_Control_W.o
LOAD LUFA/Drivers/USB/Core/AVR8/Template/Template_Endpoint_RW.o
LOAD LUFA/Drivers/USB/Core/AVR8/Template/Template_Pipe_RW.o
LOAD LUFA/Drivers/USB/Core/AVR8/USBController_AVR8.o
LOAD LUFA/Drivers/USB/Core/AVR8/USBInterrupt_AVR8.o
LOAD LUFA/Drivers/USB/Core/ConfigDescriptors.o
LOAD LUFA/Drivers/USB/Core/DeviceStandardReq.o
LOAD LUFA/Drivers/USB/Core/Events.o
LOAD LUFA/Drivers/USB/Core/HostStandardReq.o
LOAD LUFA/Drivers/USB/Core/UC3/Device_UC3.o
LOAD LUFA/Drivers/USB/Core/UC3/EndpointStream_UC3.o
LOAD LUFA/Drivers/USB/Core/UC3/Endpoint_UC3.o
LOAD LUFA/Drivers/USB/Core/UC3/Host_UC3.o
LOAD LUFA/Drivers/USB/Core/UC3/PipeStream_UC3.o
LOAD LUFA/Drivers/USB/Core/UC3/Pipe_UC3.o
LOAD LUFA/Drivers/USB/Core/UC3/Template/Template_Endpoint_Control_R.o
LOAD LUFA/Drivers/USB/Core/UC3/Template/Template_Endpoint_Control_W.o
LOAD LUFA/Drivers/USB/Core/UC3/Template/Template_Endpoint_RW.o
LOAD LUFA/Drivers/USB/Core/UC3/Template/Template_Pipe_RW.o
LOAD LUFA/Drivers/USB/Core/UC3/USBController_UC3.o
LOAD LUFA/Drivers/USB/Core/UC3/USBInterrupt_UC3.o
LOAD LUFA/Drivers/USB/Core/USBTask.o
LOAD LUFA/Drivers/USB/Core/XMEGA/Device_XMEGA.o
LOAD LUFA/Drivers/USB/Core/XMEGA/EndpointStream_XMEGA.o
LOAD LUFA/Drivers/USB/Core/XMEGA/Endpoint_XMEGA.o
LOAD LUFA/Drivers/USB/Core/XMEGA/Host_XMEGA.o
LOAD LUFA/Drivers/USB/Core/XMEGA/PipeStream_XMEGA.o
LOAD LUFA/Drivers/USB/Core/XMEGA/Pipe_XMEGA.o
LOAD LUFA/Drivers/USB/Core/XMEGA/Template/Template_Endpoint_Control_R.o
LOAD LUFA/Drivers/USB/Core/XMEGA/Template/Template_Endpoint_Control_W.o
LOAD LUFA/Drivers/USB/Core/XMEGA/Template/Template_Endpoint_RW.o
LOAD LUFA/Drivers/USB/Core/XMEGA/USBController_XMEGA.o
LOAD LUFA/Drivers/USB/Core/XMEGA/USBInterrupt_XMEGA.o
LOAD LUFA/Platform/UC3/Exception.o
LOAD LUFA/Platform/UC3/InterruptManagement.o
LOAD main.o
START GROUP
LOAD c:/program files (x86)/atmel/atmel toolchain/avr8 gcc/native/3.4.1061/avr8-gnu-toolchain/bin/../lib/gcc/avr/4.8.1/../../../../avr/lib/avr5\libm.a
END GROUP
START GROUP
LOAD c:/program files (x86)/atmel/atmel toolchain/avr8 gcc/native/3.4.1061/avr8-gnu-toolchain/bin/../lib/gcc/avr/4.8.1/avr5\libgcc.a
LOAD c:/program files (x86)/atmel/atmel toolchain/avr8 gcc/native/3.4.1061/avr8-gnu-toolchain/bin/../lib/gcc/avr/4.8.1/../../../../avr/lib/avr5\libm.a
LOAD c:/program files (x86)/atmel/atmel toolchain/avr8 gcc/native/3.4.1061/avr8-gnu-toolchain/bin/../lib/gcc/avr/4.8.1/../../../../avr/lib/avr5\libc.a
END GROUP

.hash
 *(.hash)

.dynsym
 *(.dynsym)

.dynstr
 *(.dynstr)

.gnu.version
 *(.gnu.version)

.gnu.version_d
 *(.gnu.version_d)

.gnu.version_r
 *(.gnu.version_r)

.rel.init
 *(.rel.init)

.rela.init
 *(.rela.init)

.rel.text
 *(.rel.text)
 *(.rel.text.*)
 *(.rel.gnu.linkonce.t*)

.rela.text
 *(.rela.text)
 *(.rela.text.*)
 *(.rela.gnu.linkonce.t*)

.rel.fini
 *(.rel.fini)

.rela.fini
 *(.rela.fini)

.rel.rodata
 *(.rel.rodata)
 *(.rel.rodata.*)
 *(.rel.gnu.linkonce.r*)

.rela.rodata
 *(.rela.rodata)
 *(.rela.rodata.*)
 *(.rela.gnu.linkonce.r*)

.rel.data
 *(.rel.data)
 *(.rel.data.*)
 *(.rel.gnu.linkonce.d*)

.rela.data
 *(.rela.data)
 *(.rela.data.*)
 *(.rela.gnu.linkonce.d*)

.rel.ctors
 *(.rel.ctors)

.rela.ctors
 *(.rela.ctors)

.rel.dtors
 *(.rel.dtors)

.rela.dtors
 *(.rela.dtors)

.rel.got
 *(.rel.got)

.rela.got
 *(.rela.got)

.rel.bss
 *(.rel.bss)

.rela.bss
 *(.rela.bss)

.rel.plt
 *(.rel.plt)

.rela.plt
 *(.rela.plt)

.text           0x00000000     0x1a28
 *(.vectors)
 .vectors       0x00000000       0xac c:/program files (x86)/atmel/atmel toolchain/avr8 gcc/native/3.4.1061/avr8-gnu-toolchain/bin/../lib/gcc/avr/4.8.1/../../../../avr/lib/avr5/crtm32u4.o
                0x00000000                __vector_default
                0x00000000                __vectors
 *(.vectors)
 *(.progmem.gcc*)
 .progmem.gcc_sw_table.USB_Device_ProcessControlRequest
                0x000000ac       0x14 LUFA/Drivers/USB/Core/DeviceStandardReq.o
                0x000000c0                . = ALIGN (0x2)
                0x000000c0                __trampolines_start = .
 *(.trampolines)
 .trampolines   0x000000c0        0x0 linker stubs
 *(.trampolines*)
                0x000000c0                __trampolines_end = .
 *(.progmem*)
 .progmem.data.ProductString
                0x000000c0       0x2e Descriptors.o
                0x000000c0                ProductString
 .progmem.data.ManufacturerString
                0x000000ee       0x1a Descriptors.o
                0x000000ee                ManufacturerString
 .progmem.data.LanguageString
                0x00000108        0x4 Descriptors.o
                0x00000108                LanguageString
 .progmem.data.ConfigurationDescriptor
                0x0000010c       0x22 Descriptors.o
                0x0000010c                ConfigurationDescriptor
 .progmem.data.DeviceDescriptor
                0x0000012e       0x12 Descriptors.o
                0x0000012e                DeviceDescriptor
 .progmem.data.GenericReport
                0x00000140       0x20 Descriptors.o
                0x00000140                GenericReport
                0x00000160                . = ALIGN (0x2)
 *(.jumptables)
 *(.jumptables*)
 *(.lowtext)
 *(.lowtext*)
                0x00000160                __ctors_start = .
 *(.ctors)
                0x00000160                __ctors_end = .
                0x00000160                __dtors_start = .
 *(.dtors)
                0x00000160                __dtors_end = .
 SORT(*)(.ctors)
 SORT(*)(.dtors)
 *(.init0)
 .init0         0x00000160        0x0 c:/program files (x86)/atmel/atmel toolchain/avr8 gcc/native/3.4.1061/avr8-gnu-toolchain/bin/../lib/gcc/avr/4.8.1/../../../../avr/lib/avr5/crtm32u4.o
                0x00000160                __init
 *(.init0)
 *(.init1)
 *(.init1)
 *(.init2)
 .init2         0x00000160        0xc c:/program files (x86)/atmel/atmel toolchain/avr8 gcc/native/3.4.1061/avr8-gnu-toolchain/bin/../lib/gcc/avr/4.8.1/../../../../avr/lib/avr5/crtm32u4.o
 *(.init2)
 *(.init3)
 *(.init3)
 *(.init4)
 .init4         0x0000016c       0x16 c:/program files (x86)/atmel/atmel toolchain/avr8 gcc/native/3.4.1061/avr8-gnu-toolchain/bin/../lib/gcc/avr/4.8.1/avr5\libgcc.a(_copy_data.o)
                0x0000016c                __do_copy_data
 .init4         0x00000182       0x10 c:/program files (x86)/atmel/atmel toolchain/avr8 gcc/native/3.4.1061/avr8-gnu-toolchain/bin/../lib/gcc/avr/4.8.1/avr5\libgcc.a(_clear_bss.o)
                0x00000182                __do_clear_bss
 *(.init4)
 *(.init5)
 *(.init5)
 *(.init6)
 *(.init6)
 *(.init7)
 *(.init7)
 *(.init8)
 *(.init8)
 *(.init9)
 .init9         0x00000192        0x8 c:/program files (x86)/atmel/atmel toolchain/avr8 gcc/native/3.4.1061/avr8-gnu-toolchain/bin/../lib/gcc/avr/4.8.1/../../../../avr/lib/avr5/crtm32u4.o
 *(.init9)
 *(.text)
 .text          0x0000019a        0x4 c:/program files (x86)/atmel/atmel toolchain/avr8 gcc/native/3.4.1061/avr8-gnu-toolchain/bin/../lib/gcc/avr/4.8.1/../../../../avr/lib/avr5/crtm32u4.o
                0x0000019a                __vector_38
                0x0000019a                __vector_22
                0x0000019a                __vector_28
                0x0000019a                __vector_1
                0x0000019a                __vector_32
                0x0000019a                __vector_34
                0x0000019a                __vector_24
                0x0000019a                __vector_12
                0x0000019a                __bad_interrupt
                0x0000019a                __vector_6
                0x0000019a                __vector_31
                0x0000019a                __vector_35
                0x0000019a                __vector_39
                0x0000019a                __vector_3
                0x0000019a                __vector_23
                0x0000019a                __vector_30
                0x0000019a                __vector_25
                0x0000019a                __vector_11
                0x0000019a                __vector_13
                0x0000019a                __vector_17
                0x0000019a                __vector_19
                0x0000019a                __vector_7
                0x0000019a                __vector_41
                0x0000019a                __vector_27
                0x0000019a                __vector_5
                0x0000019a                __vector_33
                0x0000019a                __vector_37
                0x0000019a                __vector_4
                0x0000019a                __vector_9
                0x0000019a                __vector_2
                0x0000019a                __vector_21
                0x0000019a                __vector_15
                0x0000019a                __vector_36
                0x0000019a                __vector_29
                0x0000019a                __vector_40
                0x0000019a                __vector_8
                0x0000019a                __vector_26
                0x0000019a                __vector_14
                0x0000019a                __vector_16
                0x0000019a                __vector_18
                0x0000019a                __vector_20
                0x0000019a                __vector_42
                0x0000019e                . = ALIGN (0x2)
 *(.text.*)
 .text.CALLBACK_USB_GetDescriptor
                0x0000019e       0xa0 Descriptors.o
                0x0000019e                CALLBACK_USB_GetDescriptor
 .text.HID_Device_ProcessControlRequest
                0x0000023e      0x2a4 LUFA/Drivers/USB/Class/Device/HIDClassDevice.o
                0x0000023e                HID_Device_ProcessControlRequest
 .text.HID_Device_ConfigureEndpoints
                0x000004e2       0x2a LUFA/Drivers/USB/Class/Device/HIDClassDevice.o
                0x000004e2                HID_Device_ConfigureEndpoints
 .text.HID_Device_USBTask
                0x0000050c      0x184 LUFA/Drivers/USB/Class/Device/HIDClassDevice.o
                0x0000050c                HID_Device_USBTask
 .text.Endpoint_Write_Stream_LE
                0x00000690       0xc0 LUFA/Drivers/USB/Core/AVR8/EndpointStream_AVR8.o
                0x00000690                Endpoint_Write_Stream_LE
 .text.Endpoint_Write_Control_Stream_LE
                0x00000750      0x10a LUFA/Drivers/USB/Core/AVR8/EndpointStream_AVR8.o
                0x00000750                Endpoint_Write_Control_Stream_LE
 .text.Endpoint_Read_Control_Stream_LE
                0x0000085a       0xfc LUFA/Drivers/USB/Core/AVR8/EndpointStream_AVR8.o
                0x0000085a                Endpoint_Read_Control_Stream_LE
 .text.Endpoint_Write_Control_PStream_LE
                0x00000956      0x10a LUFA/Drivers/USB/Core/AVR8/EndpointStream_AVR8.o
                0x00000956                Endpoint_Write_Control_PStream_LE
 .text.Endpoint_ConfigureEndpoint_Prv
                0x00000a60       0xc8 LUFA/Drivers/USB/Core/AVR8/Endpoint_AVR8.o
                0x00000a60                Endpoint_ConfigureEndpoint_Prv
 .text.Endpoint_ConfigureEndpointTable
                0x00000b28       0xbc LUFA/Drivers/USB/Core/AVR8/Endpoint_AVR8.o
                0x00000b28                Endpoint_ConfigureEndpointTable
 .text.Endpoint_ClearStatusStage
                0x00000be4       0x48 LUFA/Drivers/USB/Core/AVR8/Endpoint_AVR8.o
                0x00000be4                Endpoint_ClearStatusStage
 .text.Endpoint_WaitUntilReady
                0x00000c2c       0x84 LUFA/Drivers/USB/Core/AVR8/Endpoint_AVR8.o
                0x00000c2c                Endpoint_WaitUntilReady
 .text.USB_ResetInterface
                0x00000cb0       0x86 LUFA/Drivers/USB/Core/AVR8/USBController_AVR8.o
                0x00000cb0                USB_ResetInterface
 .text.USB_Init
                0x00000d36       0x24 LUFA/Drivers/USB/Core/AVR8/USBController_AVR8.o
                0x00000d36                USB_Init
 .text.USB_INT_DisableAllInterrupts
                0x00000d5a       0x10 LUFA/Drivers/USB/Core/AVR8/USBInterrupt_AVR8.o
                0x00000d5a                USB_INT_DisableAllInterrupts
 .text.USB_INT_ClearAllInterrupts
                0x00000d6a        0xa LUFA/Drivers/USB/Core/AVR8/USBInterrupt_AVR8.o
                0x00000d6a                USB_INT_ClearAllInterrupts
 .text.__vector_10
                0x00000d74      0x18e LUFA/Drivers/USB/Core/AVR8/USBInterrupt_AVR8.o
                0x00000d74                __vector_10
 .text.USB_Device_ProcessControlRequest
                0x00000f02      0x2da LUFA/Drivers/USB/Core/DeviceStandardReq.o
                0x00000f02                USB_Device_ProcessControlRequest
 .text.USB_Event_Stub
                0x000011dc        0x2 LUFA/Drivers/USB/Core/Events.o
                0x000011dc                USB_Event_Stub
                0x000011dc                EVENT_USB_Device_Suspend
                0x000011dc                EVENT_USB_Device_Reset
                0x000011dc                EVENT_USB_Device_WakeUp
 .text.USB_USBTask
                0x000011de       0x38 LUFA/Drivers/USB/Core/USBTask.o
                0x000011de                USB_USBTask
 .text.usart_transmit_byte_val
                0x00001216       0x10 main.o
                0x00001216                usart_transmit_byte_val
 .text.uart_putchar
                0x00001226       0x1c main.o
                0x00001226                uart_putchar
 .text.usart_receive_byte_ref
                0x00001242       0x14 main.o
                0x00001242                usart_receive_byte_ref
 .text.uart_getchar
                0x00001256       0x30 main.o
                0x00001256                uart_getchar
 .text.stdio_serial_initialize
                0x00001286       0x16 main.o
                0x00001286                stdio_serial_initialize
 .text.SetupHardware
                0x0000129c       0x2e main.o
                0x0000129c                SetupHardware
 .text.EVENT_USB_Device_Connect
                0x000012ca        0x2 main.o
                0x000012ca                EVENT_USB_Device_Connect
 .text.EVENT_USB_Device_Disconnect
                0x000012cc        0x2 main.o
                0x000012cc                EVENT_USB_Device_Disconnect
 .text.EVENT_USB_Device_ConfigurationChanged
                0x000012ce       0x14 main.o
                0x000012ce                EVENT_USB_Device_ConfigurationChanged
 .text.EVENT_USB_Device_ControlRequest
                0x000012e2        0xa main.o
                0x000012e2                EVENT_USB_Device_ControlRequest
 .text.EVENT_USB_Device_StartOfFrame
                0x000012ec       0x18 main.o
                0x000012ec                EVENT_USB_Device_StartOfFrame
 .text.CALLBACK_HID_Device_CreateHIDReport
                0x00001304       0x8a main.o
                0x00001304                CALLBACK_HID_Device_CreateHIDReport
 .text.CALLBACK_HID_Device_ProcessHIDReport
                0x0000138e       0x7e main.o
                0x0000138e                CALLBACK_HID_Device_ProcessHIDReport
 .text.main     0x0000140c       0x4c main.o
                0x0000140c                main
 .text.libgcc   0x00001458        0xc c:/program files (x86)/atmel/atmel toolchain/avr8 gcc/native/3.4.1061/avr8-gnu-toolchain/bin/../lib/gcc/avr/4.8.1/avr5\libgcc.a(_tablejump.o)
                0x00001458                __tablejump2__
                0x0000145c                __tablejump__
 .text.avr-libc
                0x00001464       0x1a c:/program files (x86)/atmel/atmel toolchain/avr8 gcc/native/3.4.1061/avr8-gnu-toolchain/bin/../lib/gcc/avr/4.8.1/../../../../avr/lib/avr5\libc.a(memcmp.o)
                0x00001464                memcmp
 .text.avr-libc
                0x0000147e       0x12 c:/program files (x86)/atmel/atmel toolchain/avr8 gcc/native/3.4.1061/avr8-gnu-toolchain/bin/../lib/gcc/avr/4.8.1/../../../../avr/lib/avr5\libc.a(memcpy.o)
                0x0000147e                memcpy
 .text.avr-libc
                0x00001490        0xe c:/program files (x86)/atmel/atmel toolchain/avr8 gcc/native/3.4.1061/avr8-gnu-toolchain/bin/../lib/gcc/avr/4.8.1/../../../../avr/lib/avr5\libc.a(memset.o)
                0x00001490                memset
 .text.avr-libc
                0x0000149e       0x28 c:/program files (x86)/atmel/atmel toolchain/avr8 gcc/native/3.4.1061/avr8-gnu-toolchain/bin/../lib/gcc/avr/4.8.1/../../../../avr/lib/avr5\libc.a(printf.o)
                0x0000149e                printf
 .text.avr-libc
                0x000014c6      0x3a4 c:/program files (x86)/atmel/atmel toolchain/avr8 gcc/native/3.4.1061/avr8-gnu-toolchain/bin/../lib/gcc/avr/4.8.1/../../../../avr/lib/avr5\libc.a(vfprintf_std.o)
                0x000014c6                vfprintf
 .text.avr-libc
                0x0000186a       0x16 c:/program files (x86)/atmel/atmel toolchain/avr8 gcc/native/3.4.1061/avr8-gnu-toolchain/bin/../lib/gcc/avr/4.8.1/../../../../avr/lib/avr5\libc.a(strnlen_P.o)
                0x0000186a                strnlen_P
 .text.avr-libc
                0x00001880       0x16 c:/program files (x86)/atmel/atmel toolchain/avr8 gcc/native/3.4.1061/avr8-gnu-toolchain/bin/../lib/gcc/avr/4.8.1/../../../../avr/lib/avr5\libc.a(strnlen.o)
                0x00001880                strnlen
 .text.avr-libc
                0x00001896       0x64 c:/program files (x86)/atmel/atmel toolchain/avr8 gcc/native/3.4.1061/avr8-gnu-toolchain/bin/../lib/gcc/avr/4.8.1/../../../../avr/lib/avr5\libc.a(fputc.o)
                0x00001896                fputc
 .text.avr-libc
                0x000018fa       0xbc c:/program files (x86)/atmel/atmel toolchain/avr8 gcc/native/3.4.1061/avr8-gnu-toolchain/bin/../lib/gcc/avr/4.8.1/../../../../avr/lib/avr5\libc.a(ultoa_invert.o)
                0x000018fa                __ultoa_invert
 .text.libgcc.prologue
                0x000019b6       0x38 c:/program files (x86)/atmel/atmel toolchain/avr8 gcc/native/3.4.1061/avr8-gnu-toolchain/bin/../lib/gcc/avr/4.8.1/avr5\libgcc.a(_prologue.o)
                0x000019b6                __prologue_saves__
 .text.libgcc.prologue
                0x000019ee       0x36 c:/program files (x86)/atmel/atmel toolchain/avr8 gcc/native/3.4.1061/avr8-gnu-toolchain/bin/../lib/gcc/avr/4.8.1/avr5\libgcc.a(_epilogue.o)
                0x000019ee                __epilogue_restores__
                0x00001a24                . = ALIGN (0x2)
 *(.fini9)
 .fini9         0x00001a24        0x0 c:/program files (x86)/atmel/atmel toolchain/avr8 gcc/native/3.4.1061/avr8-gnu-toolchain/bin/../lib/gcc/avr/4.8.1/avr5\libgcc.a(_exit.o)
                0x00001a24                _exit
                0x00001a24                exit
 *(.fini9)
 *(.fini8)
 *(.fini8)
 *(.fini7)
 *(.fini7)
 *(.fini6)
 *(.fini6)
 *(.fini5)
 *(.fini5)
 *(.fini4)
 *(.fini4)
 *(.fini3)
 *(.fini3)
 *(.fini2)
 *(.fini2)
 *(.fini1)
 *(.fini1)
 *(.fini0)
 .fini0         0x00001a24        0x4 c:/program files (x86)/atmel/atmel toolchain/avr8 gcc/native/3.4.1061/avr8-gnu-toolchain/bin/../lib/gcc/avr/4.8.1/avr5\libgcc.a(_exit.o)
 *(.fini0)
                0x00001a28                _etext = .

.data           0x00800100      0x13e load address 0x00001a28
                0x00800100                PROVIDE (__data_start, .)
 *(.data)
 *(.data*)
 .data.Generic_HID_Interface
                0x00800100       0x10 main.o
                0x00800100                Generic_HID_Interface
 .data.uart_str
                0x00800110        0xe main.o
                0x00800110                uart_str
 *(.rodata)
 *(.rodata*)
 .rodata.str1.1
                0x0080011e      0x120 main.o
 *(.gnu.linkonce.d*)
                0x0080023e                . = ALIGN (0x2)
                0x0080023e                _edata = .
                0x0080023e                PROVIDE (__data_end, .)

.bss            0x0080023e       0x1c
                0x0080023e                PROVIDE (__bss_start, .)
 *(.bss)
 *(.bss*)
 .bss.PrevHIDReportBuffer
                0x0080023e        0x8 main.o
 .bss.x         0x00800246        0x1 main.o
                0x00800246                x
 *(COMMON)
 COMMON         0x00800247        0x3 LUFA/Drivers/USB/Core/DeviceStandardReq.o
                0x00800247                USB_Device_ConfigurationNumber
                0x00800248                USB_Device_CurrentlySelfPowered
                0x00800249                USB_Device_RemoteWakeupEnabled
 COMMON         0x0080024a        0xa LUFA/Drivers/USB/Core/USBTask.o
                0x0080024a                USB_IsInitialized
                0x0080024b                USB_DeviceState
                0x0080024c                USB_ControlRequest
 COMMON         0x00800254        0x6 c:/program files (x86)/atmel/atmel toolchain/avr8 gcc/native/3.4.1061/avr8-gnu-toolchain/bin/../lib/gcc/avr/4.8.1/../../../../avr/lib/avr5\libc.a(iob.o)
                0x00800254                __iob
                0x0080025a                PROVIDE (__bss_end, .)
                0x00001a28                __data_load_start = LOADADDR (.data)
                0x00001b66                __data_load_end = (__data_load_start + SIZEOF (.data))

.noinit         0x0080025a        0x0
                0x0080025a                PROVIDE (__noinit_start, .)
 *(.noinit*)
                0x0080025a                PROVIDE (__noinit_end, .)
                0x0080025a                _end = .
                0x0080025a                PROVIDE (__heap_start, .)

.eeprom         0x00810000        0x0
 *(.eeprom*)
                0x00810000                __eeprom_end = .

.fuse
 *(.fuse)
 *(.lfuse)
 *(.hfuse)
 *(.efuse)

.lock
 *(.lock*)

.signature
 *(.signature*)

.user_signatures
 *(.user_signatures*)

.stab
 *(.stab)

.stabstr
 *(.stabstr)

.stab.excl
 *(.stab.excl)

.stab.exclstr
 *(.stab.exclstr)

.stab.index
 *(.stab.index)

.stab.indexstr
 *(.stab.indexstr)

.comment        0x00000000       0x5c
 *(.comment)
 .comment       0x00000000       0x30 Descriptors.o
                                 0x31 (size before relaxing)
 .comment       0x00000000       0x31 LUFA/Drivers/USB/Class/Device/HIDClassDevice.o
 .comment       0x00000000       0x31 LUFA/Drivers/USB/Core/AVR8/EndpointStream_AVR8.o
 .comment       0x00000000       0x31 LUFA/Drivers/USB/Core/AVR8/Endpoint_AVR8.o
 .comment       0x00000000       0x31 LUFA/Drivers/USB/Core/AVR8/USBController_AVR8.o
 .comment       0x00000000       0x31 LUFA/Drivers/USB/Core/AVR8/USBInterrupt_AVR8.o
 .comment       0x00000000       0x31 LUFA/Drivers/USB/Core/DeviceStandardReq.o
 .comment       0x00000000       0x31 LUFA/Drivers/USB/Core/Events.o
 .comment       0x00000000       0x31 LUFA/Drivers/USB/Core/USBTask.o
 .comment       0x00000000       0x31 main.o
 .comment       0x00000000       0x31 c:/program files (x86)/atmel/atmel toolchain/avr8 gcc/native/3.4.1061/avr8-gnu-toolchain/bin/../lib/gcc/avr/4.8.1/../../../../avr/lib/avr5\libc.a(iob.o)
 .comment       0x00000000       0x31 c:/program files (x86)/atmel/atmel toolchain/avr8 gcc/native/3.4.1061/avr8-gnu-toolchain/bin/../lib/gcc/avr/4.8.1/../../../../avr/lib/avr5\libc.a(printf.o)
 .comment       0x00000030       0x2c c:/program files (x86)/atmel/atmel toolchain/avr8 gcc/native/3.4.1061/avr8-gnu-toolchain/bin/../lib/gcc/avr/4.8.1/../../../../avr/lib/avr5\libc.a(vfprintf_std.o)
                                 0x2d (size before relaxing)
 .comment       0x00000000       0x31 c:/program files (x86)/atmel/atmel toolchain/avr8 gcc/native/3.4.1061/avr8-gnu-toolchain/bin/../lib/gcc/avr/4.8.1/../../../../avr/lib/avr5\libc.a(fputc.o)

.note.gnu.build-id
 *(.note.gnu.build-id)

.debug
 *(.debug)

.line
 *(.line)

.debug_srcinfo
 *(.debug_srcinfo)

.debug_sfnames
 *(.debug_sfnames)

.debug_aranges  0x00000000      0x2c8
 *(.debug_aranges)
 .debug_aranges
                0x00000000       0x20 Descriptors.o
 .debug_aranges
                0x00000020       0x30 LUFA/Drivers/USB/Class/Device/HIDClassDevice.o
 .debug_aranges
                0x00000050       0xc8 LUFA/Drivers/USB/Core/AVR8/EndpointStream_AVR8.o
 .debug_aranges
                0x00000118       0x40 LUFA/Drivers/USB/Core/AVR8/Endpoint_AVR8.o
 .debug_aranges
                0x00000158       0x30 LUFA/Drivers/USB/Core/AVR8/USBController_AVR8.o
 .debug_aranges
                0x00000188       0x30 LUFA/Drivers/USB/Core/AVR8/USBInterrupt_AVR8.o
 .debug_aranges
                0x000001b8       0x20 LUFA/Drivers/USB/Core/DeviceStandardReq.o
 .debug_aranges
                0x000001d8       0x20 LUFA/Drivers/USB/Core/Events.o
 .debug_aranges
                0x000001f8       0x20 LUFA/Drivers/USB/Core/USBTask.o
 .debug_aranges
                0x00000218       0xb0 main.o

.debug_pubnames
 *(.debug_pubnames)

.debug_info     0x00000000     0x527d
 *(.debug_info .gnu.linkonce.wi.*)
 .debug_info    0x00000000      0x6ee Descriptors.o
 .debug_info    0x000006ee      0xa3b LUFA/Drivers/USB/Class/Device/HIDClassDevice.o
 .debug_info    0x00001129     0x1800 LUFA/Drivers/USB/Core/AVR8/EndpointStream_AVR8.o
 .debug_info    0x00002929      0x60e LUFA/Drivers/USB/Core/AVR8/Endpoint_AVR8.o
 .debug_info    0x00002f37      0x4ca LUFA/Drivers/USB/Core/AVR8/USBController_AVR8.o
 .debug_info    0x00003401      0x673 LUFA/Drivers/USB/Core/AVR8/USBInterrupt_AVR8.o
 .debug_info    0x00003a74      0xa88 LUFA/Drivers/USB/Core/DeviceStandardReq.o
 .debug_info    0x000044fc       0x78 LUFA/Drivers/USB/Core/Events.o
 .debug_info    0x00004574      0x26b LUFA/Drivers/USB/Core/USBTask.o
 .debug_info    0x000047df      0xa9e main.o

.debug_abbrev   0x00000000     0x13ee
 *(.debug_abbrev)
 .debug_abbrev  0x00000000      0x166 Descriptors.o
 .debug_abbrev  0x00000166      0x25d LUFA/Drivers/USB/Class/Device/HIDClassDevice.o
 .debug_abbrev  0x000003c3      0x215 LUFA/Drivers/USB/Core/AVR8/EndpointStream_AVR8.o
 .debug_abbrev  0x000005d8      0x220 LUFA/Drivers/USB/Core/AVR8/Endpoint_AVR8.o
 .debug_abbrev  0x000007f8      0x188 LUFA/Drivers/USB/Core/AVR8/USBController_AVR8.o
 .debug_abbrev  0x00000980      0x1d5 LUFA/Drivers/USB/Core/AVR8/USBInterrupt_AVR8.o
 .debug_abbrev  0x00000b55      0x2cb LUFA/Drivers/USB/Core/DeviceStandardReq.o
 .debug_abbrev  0x00000e20       0x44 LUFA/Drivers/USB/Core/Events.o
 .debug_abbrev  0x00000e64      0x168 LUFA/Drivers/USB/Core/USBTask.o
 .debug_abbrev  0x00000fcc      0x422 main.o

.debug_line     0x00000000     0x2906
 *(.debug_line .debug_line.* .debug_line_end)
 .debug_line    0x00000000      0x1ff Descriptors.o
 .debug_line    0x000001ff      0x423 LUFA/Drivers/USB/Class/Device/HIDClassDevice.o
 .debug_line    0x00000622      0xf3e LUFA/Drivers/USB/Core/AVR8/EndpointStream_AVR8.o
 .debug_line    0x00001560      0x3e0 LUFA/Drivers/USB/Core/AVR8/Endpoint_AVR8.o
 .debug_line    0x00001940      0x293 LUFA/Drivers/USB/Core/AVR8/USBController_AVR8.o
 .debug_line    0x00001bd3      0x398 LUFA/Drivers/USB/Core/AVR8/USBInterrupt_AVR8.o
 .debug_line    0x00001f6b      0x35e LUFA/Drivers/USB/Core/DeviceStandardReq.o
 .debug_line    0x000022c9       0x4e LUFA/Drivers/USB/Core/Events.o
 .debug_line    0x00002317      0x17a LUFA/Drivers/USB/Core/USBTask.o
 .debug_line    0x00002491      0x475 main.o

.debug_frame    0x00000000      0xba4
 *(.debug_frame)
 .debug_frame   0x00000000       0x24 Descriptors.o
 .debug_frame   0x00000024       0xf4 LUFA/Drivers/USB/Class/Device/HIDClassDevice.o
 .debug_frame   0x00000118      0x61c LUFA/Drivers/USB/Core/AVR8/EndpointStream_AVR8.o
 .debug_frame   0x00000734       0xec LUFA/Drivers/USB/Core/AVR8/Endpoint_AVR8.o
 .debug_frame   0x00000820       0x58 LUFA/Drivers/USB/Core/AVR8/USBController_AVR8.o
 .debug_frame   0x00000878       0x8c LUFA/Drivers/USB/Core/AVR8/USBInterrupt_AVR8.o
 .debug_frame   0x00000904       0x40 LUFA/Drivers/USB/Core/DeviceStandardReq.o
 .debug_frame   0x00000944       0x24 LUFA/Drivers/USB/Core/Events.o
 .debug_frame   0x00000968       0x2c LUFA/Drivers/USB/Core/USBTask.o
 .debug_frame   0x00000994      0x210 main.o

.debug_str      0x00000000     0x2036
 *(.debug_str)
 .debug_str     0x00000000      0x88f Descriptors.o
                                0x91d (size before relaxing)
 .debug_str     0x0000088f      0x506 LUFA/Drivers/USB/Class/Device/HIDClassDevice.o
                                0x6ef (size before relaxing)
 .debug_str     0x00000d95      0x4ce LUFA/Drivers/USB/Core/AVR8/EndpointStream_AVR8.o
                                0x850 (size before relaxing)
 .debug_str     0x00001263      0x267 LUFA/Drivers/USB/Core/AVR8/Endpoint_AVR8.o
                                0x603 (size before relaxing)
 .debug_str     0x000014ca      0x293 LUFA/Drivers/USB/Core/AVR8/USBController_AVR8.o
                                0x542 (size before relaxing)
 .debug_str     0x0000175d      0x164 LUFA/Drivers/USB/Core/AVR8/USBInterrupt_AVR8.o
                                0x517 (size before relaxing)
 .debug_str     0x000018c1      0x46e LUFA/Drivers/USB/Core/DeviceStandardReq.o
                                0x9b5 (size before relaxing)
 .debug_str     0x00001d2f       0x31 LUFA/Drivers/USB/Core/Events.o
                                0x187 (size before relaxing)
 .debug_str     0x00001d60       0x5b LUFA/Drivers/USB/Core/USBTask.o
                                0x368 (size before relaxing)
 .debug_str     0x00001dbb      0x27b main.o
                                0x742 (size before relaxing)

.debug_loc      0x00000000     0x4338
 *(.debug_loc)
 .debug_loc     0x00000000      0x2d3 Descriptors.o
 .debug_loc     0x000002d3      0x484 LUFA/Drivers/USB/Class/Device/HIDClassDevice.o
 .debug_loc     0x00000757     0x2958 LUFA/Drivers/USB/Core/AVR8/EndpointStream_AVR8.o
 .debug_loc     0x000030af      0x62c LUFA/Drivers/USB/Core/AVR8/Endpoint_AVR8.o
 .debug_loc     0x000036db       0x49 LUFA/Drivers/USB/Core/AVR8/USBController_AVR8.o
 .debug_loc     0x00003724      0x247 LUFA/Drivers/USB/Core/AVR8/USBInterrupt_AVR8.o
 .debug_loc     0x0000396b      0x2cc LUFA/Drivers/USB/Core/DeviceStandardReq.o
 .debug_loc     0x00003c37       0x49 LUFA/Drivers/USB/Core/USBTask.o
 .debug_loc     0x00003c80      0x6b8 main.o

.debug_macinfo
 *(.debug_macinfo)

.debug_weaknames
 *(.debug_weaknames)

.debug_funcnames
 *(.debug_funcnames)

.debug_typenames
 *(.debug_typenames)

.debug_varnames
 *(.debug_varnames)

.debug_pubtypes
 *(.debug_pubtypes)

.debug_ranges   0x00000000      0xd88
 *(.debug_ranges)
 .debug_ranges  0x00000000       0x10 Descriptors.o
 .debug_ranges  0x00000010       0x20 LUFA/Drivers/USB/Class/Device/HIDClassDevice.o
 .debug_ranges  0x00000030      0xa38 LUFA/Drivers/USB/Core/AVR8/EndpointStream_AVR8.o
 .debug_ranges  0x00000a68      0x1c8 LUFA/Drivers/USB/Core/AVR8/Endpoint_AVR8.o
 .debug_ranges  0x00000c30       0x20 LUFA/Drivers/USB/Core/AVR8/USBController_AVR8.o
 .debug_ranges  0x00000c50       0x20 LUFA/Drivers/USB/Core/AVR8/USBInterrupt_AVR8.o
 .debug_ranges  0x00000c70       0x58 LUFA/Drivers/USB/Core/DeviceStandardReq.o
 .debug_ranges  0x00000cc8       0x10 LUFA/Drivers/USB/Core/Events.o
 .debug_ranges  0x00000cd8       0x10 LUFA/Drivers/USB/Core/USBTask.o
 .debug_ranges  0x00000ce8       0xa0 main.o

.debug_macro
 *(.debug_macro)
OUTPUT(lufa_hid_device_test.elf elf32-avr)
LOAD linker stubs
